\BOOKMARK [1][-]{section.1}{\376\377\137\025\212\000}{}% 1
\BOOKMARK [2][-]{subsection.1.1}{\376\377\170\024\172\166\200\314\146\157}{section.1}% 2
\BOOKMARK [2][-]{subsection.1.2}{\376\377\170\024\172\166\141\017\116\111}{section.1}% 3
\BOOKMARK [1][-]{section.2}{\376\377\164\006\213\272\127\372\170\100\116\016\145\131\133\146\173\126\165\145}{}% 4
\BOOKMARK [2][-]{subsection.2.1}{\376\377\140\305\130\203\213\244\167\345\116\016\226\220\125\273\145\131\133\146}{section.2}% 5
\BOOKMARK [2][-]{subsection.2.2}{\376\377\175\040\121\173\147\054\117\115\166\204\131\047\123\125\121\103\213\276\213\241}{section.2}% 6
\BOOKMARK [1][-]{section.3}{\376\377\000E\000B\000Y\000Z\136\163\123\360\174\373\176\337\147\266\147\204\213\276\213\241}{}% 7
\BOOKMARK [2][-]{subsection.3.1}{\376\377\217\271\177\030\141\037\167\345\134\102\377\032\170\154\116\366\142\275\214\141\116\016\137\002\147\204\207\215\124\010}{section.3}% 8
\BOOKMARK [2][-]{subsection.3.2}{\376\377\217\271\177\030\213\241\173\227\134\102\377\032\000O\000p\000e\000n\000W\000r\000t\116\016\232\330\123\357\165\050\177\121\121\163}{section.3}% 9
\BOOKMARK [2][-]{subsection.3.3}{\376\377\116\221\172\357\127\372\170\100\213\276\145\275\377\032\000S\000e\000r\000v\000e\000r\000l\000e\000s\000s\116\016\000B\000a\000a\000S\147\266\147\204}{section.3}% 10
\BOOKMARK [1][-]{section.4}{\376\377\150\070\137\303\142\200\147\057\122\033\145\260\377\032\000R\000A\000G\000\040\0002\000.\0000\000\040\167\345\213\306\130\236\137\072\137\025\144\316}{}% 11
\BOOKMARK [2][-]{subsection.4.1}{\376\377\145\160\143\156\173\241\220\123\116\016\134\102\176\247\123\026\175\042\137\025\147\204\136\372}{section.4}% 12
\BOOKMARK [3][-]{subsubsection.4.1.1}{\376\377\000P\000D\000F\211\343\147\220\116\016\176\323\147\204\123\026\143\320\123\326}{subsection.4.1}% 13
\BOOKMARK [3][-]{subsubsection.4.1.2}{\376\377\150\021\162\266\175\042\137\025\176\323\147\204}{subsection.4.1}% 14
\BOOKMARK [2][-]{subsection.4.2}{\376\377\155\367\124\010\150\300\175\042\173\227\154\325\377\010\000H\000y\000b\000r\000i\000d\000\040\000S\000e\000a\000r\000c\000h\000\040\000S\000t\000r\000a\000t\000e\000g\000y\377\011}{section.4}% 15
\BOOKMARK [3][-]{subsubsection.4.2.1}{\376\377\116\011\176\247\217\307\156\344\173\126\165\145}{subsection.4.2}% 16
\BOOKMARK [3][-]{subsubsection.4.2.2}{\376\377\155\367\124\010\150\300\175\042\121\154\137\017}{subsection.4.2}% 17
\BOOKMARK [3][-]{subsubsection.4.2.3}{\376\377\116\012\116\013\145\207\154\350\121\145\116\016\142\052\145\255\173\126\165\145}{subsection.4.2}% 18
\BOOKMARK [2][-]{subsection.4.3}{\376\377\143\320\171\072\135\345\172\013\116\016\211\322\202\162\142\156\157\024\377\010\000P\000e\000r\000s\000o\000n\000a\000\040\000E\000n\000g\000i\000n\000e\000e\000r\000i\000n\000g\377\011}{section.4}% 19
\BOOKMARK [2][-]{subsection.4.4}{\376\377\000R\000A\000G\140\047\200\375\117\030\123\026\116\016\145\110\147\234\213\304\117\060}{section.4}% 20
\BOOKMARK [3][-]{subsubsection.4.4.1}{\376\377\150\300\175\042\145\110\163\207\143\320\123\107}{subsection.4.4}% 21
\BOOKMARK [3][-]{subsubsection.4.4.2}{\376\377\165\037\142\020\215\050\221\317\213\304\117\060}{subsection.4.4}% 22
\BOOKMARK [1][-]{section.5}{\376\377\213\376\172\013\133\236\145\275\116\016\213\304\116\367\117\123\174\373}{}% 23
\BOOKMARK [2][-]{subsection.5.1}{\376\377\145\131\133\146\155\073\122\250\213\276\213\241\150\110\117\213}{section.5}% 24
\BOOKMARK [2][-]{subsection.5.2}{\376\377\127\372\116\216\000D\000A\000O\166\204\131\032\121\103\213\304\116\367\147\072\122\066}{section.5}% 25
\BOOKMARK [1][-]{section.6}{\376\377\150\070\137\303\175\040\121\173\166\204\217\276\142\020\136\246\122\006\147\220}{}% 26
\BOOKMARK [2][-]{subsection.6.1}{\376\377\117\341\140\157\141\017\213\306}{section.6}% 27
\BOOKMARK [2][-]{subsection.6.2}{\376\377\213\241\173\227\140\035\176\364}{section.6}% 28
\BOOKMARK [2][-]{subsection.6.3}{\376\377\145\160\133\127\123\026\133\146\116\140\116\016\122\033\145\260}{section.6}% 29
\BOOKMARK [2][-]{subsection.6.4}{\376\377\117\341\140\157\171\076\117\032\215\043\116\373}{section.6}% 30
\BOOKMARK [1][-]{section.7}{\376\377\176\323\213\272\116\016\134\125\147\033}{}% 31
